// Jest Snapshot v1, https://goo.gl/fbAQLP

exports[`PageLoader loadPage method success promise should resolve object 1`] = `
Object {
  "content": <ReactMarkdownWithHtml
    astPlugins={Array []}
    escapeHtml={false}
    plugins={
      Array [
        Array [
          [Function],
        ],
      ]
    }
    rawSourcePos={false}
    renderers={
      Object {
        "code": [Function],
        "customComments": [Function],
        "list": [Function],
        "text": [Function],
      }
    }
    skipHtml={false}
    source="# success

text
"
    sourcePos={false}
    transformLinkUri={[Function]}
  />,
  "frontmatter": Object {
    "frontmatter": "value",
  },
  "id": "/success",
  "source": "
---
frontmatter: value
---

# success

text
",
  "title": "success",
  "url": "/site/success.md",
}
`;
